// Jest Snapshot v1, https://jestjs.io/docs/snapshot-testing

exports[`AutosaveTextarea Renders correctly 1`] = `
<body>
  <div>
    <input
      type="hidden"
      value=""
    />
    <div
      class="fikasio-textarea fikasio-theme-dark"
      contenteditable="true"
      style="white-space: pre;"
    />
  </div>
</body>
`;
