// Jest Snapshot v1, https://goo.gl/fbAQLP

exports[`AutosaveTextarea Renders correctly 1`] = `
<div
  className="fikasio-textarea fikasio-theme-dark"
  contentEditable={true}
  dangerouslySetInnerHTML={
    Object {
      "__html": "",
    }
  }
  onBlur={[Function]}
  onChange={[Function]}
  onClick={[Function]}
  onFocus={[Function]}
  onInput={[Function]}
  onKeyDown={[Function]}
  onKeyUp={[Function]}
  style={
    Object {
      "whiteSpace": "pre",
    }
  }
/>
`;
