// Jest Snapshot v1, https://jestjs.io/docs/snapshot-testing

exports[`Checkbox Renders correctly 1`] = `
<body>
  <div>
    <div
      class="fikasio-checkbox fikasio-theme-light"
      role="button"
      tabindex="0"
    >
      <svg
        aria-hidden="true"
        fill="currentColor"
        focusable="false"
        height="1.33333em"
        style="display: inline-block; overflow: visible; vertical-align: -0.125em; border: 1px solid rgb(126, 91, 154); color: rgb(255, 255, 255); width: 20px;"
        viewBox="0 0 448 512"
        width="1.33333em"
        xmlns="http://www.w3.org/2000/svg"
      >
        <path
          d="M64 32l320 0c35.3 0 64 28.7 64 64l0 320c0 35.3-28.7 64-64 64L64 480c-35.3 0-64-28.7-64-64L0 96C0 60.7 28.7 32 64 32z"
        />
      </svg>
    </div>
  </div>
</body>
`;
