// Jest Snapshot v1, https://jestjs.io/docs/snapshot-testing

exports[`Error Renders correctly 1`] = `
<body>
  <div>
    <div
      class="fikasio-error fikasio-theme-light"
    >
      <svg
        aria-hidden="true"
        fill="currentColor"
        focusable="false"
        height="1.33333em"
        style="display: inline-block; overflow: visible; vertical-align: -0.125em; font-size: 16px; margin-right: 10px;"
        viewBox="0 0 512 512"
        width="1.33333em"
        xmlns="http://www.w3.org/2000/svg"
      >
        <path
          d="M256 0c14.7 0 28.2 8.1 35.2 21l216 400c6.7 12.4 6.4 27.4-.8 39.5S486.1 480 472 480L40 480c-14.1 0-27.2-7.4-34.4-19.5s-7.5-27.1-.8-39.5l216-400c7-12.9 20.5-21 35.2-21zm0 352a32 32 0 1 0 0 64 32 32 0 1 0 0-64zm0-192c-18.2 0-32.7 15.5-31.4 33.7l7.4 104c.9 12.5 11.4 22.3 23.9 22.3 12.6 0 23-9.7 23.9-22.3l7.4-104c1.3-18.2-13.1-33.7-31.4-33.7z"
        />
      </svg>
      This is an error
    </div>
  </div>
</body>
`;
