// Jest Snapshot v1, https://jestjs.io/docs/snapshot-testing

exports[`Footer Renders correctly 1`] = `
<body>
  <div>
    <div
      class="fikasio-footer fikasio-theme-dark"
    >
      <div
        class="container-fluid"
      >
        <div
          class="row"
          style="background-color: rgb(46, 46, 46); padding-top: 25px;"
        >
          <div
            class="col-md-12"
          >
            <div
              class="text-center"
            />
          </div>
        </div>
        <div
          class="row"
          style="background-color: rgb(46, 46, 46); padding-bottom: 25px;"
        >
          <div
            class="col-md-4"
          >
            <div
              class="text-left"
            />
          </div>
          <div
            class="col-md-4"
          >
            <div
              class="text-center"
            />
          </div>
          <div
            class="col-md-4"
          >
            <div
              class="text-right"
            />
          </div>
        </div>
      </div>
    </div>
  </div>
</body>
`;
