// Jest Snapshot v1, https://goo.gl/fbAQLP

exports[`Select Renders correctly 1`] = `
<body>
  <div>
    <span
      class="fikasio-select fikasio-theme-dark"
    >
      <div
        class="MuiFormControl-root css-hs8t5g-MuiFormControl-root"
      >
        <div
          class="MuiInputBase-root MuiInputBase-colorPrimary MuiInputBase-formControl MuiInputBase-sizeSmall css-1swlhp1-MuiInputBase-root"
        >
          <div
            aria-controls=":r0:"
            aria-expanded="false"
            aria-haspopup="listbox"
            class="MuiSelect-select MuiSelect-outlined MuiInputBase-input MuiInputBase-inputSizeSmall css-id4s6h-MuiSelect-select-MuiInputBase-input"
            role="combobox"
            tabindex="0"
          >
            Option 1
          </div>
          <input
            aria-hidden="true"
            aria-invalid="false"
            class="MuiSelect-nativeInput css-j0riat-MuiSelect-nativeInput"
            tabindex="-1"
            value="1"
          />
          <svg
            aria-hidden="true"
            class="MuiSvgIcon-root MuiSvgIcon-fontSizeMedium MuiSelect-icon MuiSelect-iconOutlined css-lohd6h-MuiSvgIcon-root-MuiSelect-icon"
            data-testid="ArrowDropDownIcon"
            focusable="false"
            viewBox="0 0 24 24"
          >
            <path
              d="M7 10l5 5 5-5z"
            />
          </svg>
        </div>
      </div>
    </span>
  </div>
</body>
`;
