// Jest Snapshot v1, https://jestjs.io/docs/snapshot-testing

exports[`Selector Renders correctly 1`] = `
<body>
  <div>
    <span
      class="fikasio-selector fikasio-theme-light"
    >
      <button
        class="fikasio-actionbutton fikasio-theme-light"
        type="submit"
      >
        Option 1
      </button>
    </span>
  </div>
</body>
`;
