// Jest Snapshot v1, https://goo.gl/fbAQLP

exports[`Selector Renders correctly 1`] = `
<body>
  <div>
    <span
      class="fikasio-selector fikasio-theme-dark"
    >
      <span
        style="bottom: 2px; padding-left: 5px; position: relative;"
      >
        +
      </span>
    </span>
  </div>
</body>
`;
