// Jest Snapshot v1, https://jestjs.io/docs/snapshot-testing

exports[`Select Renders correctly 1`] = `
<body>
  <div>
    <span
      class="fikasio-select fikasio-theme-light"
    >
      <div
        class="fikasio-select-input-wrapper"
        role="button"
        tabindex="0"
      >
        <div
          class="fikasio-select-input"
        >
          Option 1
        </div>
        <svg
          aria-hidden="true"
          class="fikasio-select-icon"
          fill="currentColor"
          focusable="false"
          height="1em"
          style="display: inline-block; overflow: visible; vertical-align: -0.125em;"
          viewBox="0 0 320 512"
          width="1em"
          xmlns="http://www.w3.org/2000/svg"
        >
          <path
            d="M140.3 376.8c12.6 10.2 31.1 9.5 42.8-2.2l128-128c9.2-9.2 11.9-22.9 6.9-34.9S301.4 192 288.5 192l-256 0c-12.9 0-24.6 7.8-29.6 19.8S.7 237.5 9.9 246.6l128 128 2.4 2.2z"
          />
        </svg>
      </div>
    </span>
  </div>
</body>
`;
