// Jest Snapshot v1, https://jestjs.io/docs/snapshot-testing

exports[`Table Renders correctly 1`] = `
<body>
  <div>
    <div
      class="table-responsive"
    >
      <table
        class="fikasio-table fikasio-theme-light table table-bordered table-hover"
      >
        <thead>
          <tr>
            <th
              style="left: 0px; position: sticky; text-align: center; width: 35px;"
            />
          </tr>
        </thead>
        <tbody />
      </table>
    </div>
  </div>
</body>
`;
