// Jest Snapshot v1, https://goo.gl/fbAQLP

exports[`Table Renders correctly 1`] = `
<div
  className="table-responsive"
>
  <table
    className="fikasio-table fikasio-theme-dark table table-bordered table-hover"
    style={Object {}}
  >
    <thead>
      <tr>
        <th
          style={
            Object {
              "textAlign": "center",
              "width": 35,
            }
          }
        />
      </tr>
    </thead>
    <tbody />
  </table>
</div>
`;
